---
created: "2019-06-03T21:30:16.807337Z"
creator: insta@0.8.1
source: src/generate/rust/schema/tests.rs
expression: generate_rust(&schemas)?
---
#[derive(Clone, Debug, Serialize, Deserialize)]
pub enum Foo {
    Bar {
        one: String,
        two: std::path::PathBuf,
    },
    Baz(std::borrow::Cow<'static, str>),
}

